// Jest Snapshot v1, https://goo.gl/fbAQLP

exports[`<NavLinks /> should match snapshot 1`] = `
.c1 {
  display: block;
  -webkit-text-decoration: none;
  text-decoration: none;
  font-size: 1.6rem;
  padding: 1.6rem;
  color: #0A1128;
  position: relative;
}

.c1::after {
  content: "";
  position: absolute;
  bottom: 0.76rem;
  left: 50%;
  width: 0;
  height: 0.2rem;
  background: #DC143C;
  -webkit-transition: :all 300ms ease-in-out;
  transition: :all 300ms ease-in-out;
}

.c1:hover::after {
  left: 25%;
  width: 50%;
}

.c0 {
  display: -webkit-box;
  display: -webkit-flex;
  display: -ms-flexbox;
  display: flex;
  -webkit-flex-direction: row;
  -ms-flex-direction: row;
  flex-direction: row;
  -webkit-flex-wrap: wrap;
  -ms-flex-wrap: wrap;
  flex-wrap: wrap;
}

@media (max-width:768px) {
  .c0 {
    -webkit-flex-direction: column;
    -ms-flex-direction: column;
    flex-direction: column;
    -webkit-flex-wrap: wrap;
    -ms-flex-wrap: wrap;
    flex-wrap: wrap;
    -webkit-align-content: center;
    -ms-flex-line-pack: center;
    align-content: center;
  }
}

<nav
  aria-label="Main menu"
  class="c0"
>
  <a
    class="c1"
    href="#target 1"
    target="_self"
  >
    Link 1
  </a>
  <a
    class="c1"
    href="#target 2"
    target="_self"
  >
    Link 2
  </a>
  <a
    class="c1"
    href="#target 3"
    target="_self"
  >
    Link 3
  </a>
  <a
    class="c1"
    href="#target 4"
    target="_self"
  >
    Link 4
  </a>
  <a
    class="c1"
    href="#target 5"
    target="_self"
  >
    Link 5
  </a>
  <a
    class="c1"
    href="#target 6"
    target="_self"
  >
    Link 6
  </a>
  <a
    class="c1"
    href="#target 7"
    target="_self"
  >
    Link 7
  </a>
  <a
    class="c1"
    href="#target 8"
    target="_self"
  >
    Link 8
  </a>
  <a
    class="c1"
    href="#target 9"
    target="_self"
  >
    Link 9
  </a>
  <a
    class="c1"
    href="#target 10"
    target="_self"
  >
    Link 10
  </a>
</nav>
`;
